org\socialmediaapp\social_media_app\util\SessionManager.class
org\socialmediaapp\social_media_app\HelloApplication.class
module-info.java.bak
org\socialmediaapp\social_media_app\controller\NewsFeedController.class
org\socialmediaapp\social_media_app\controller\LoginController.class
org\socialmediaapp\social_media_app\dao\UserDao.class
org\socialmediaapp\social_media_app\domain\FriendRequest.class
org\socialmediaapp\social_media_app\util\SceneManager.class
org\socialmediaapp\social_media_app\domain\Notification.class
org\socialmediaapp\social_media_app\database\DatabaseConnection.class
org\socialmediaapp\social_media_app\dao\NotificationDao.class
org\socialmediaapp\social_media_app\service\NotificationService.class
org\socialmediaapp\social_media_app\controller\PostCardController.class
org\socialmediaapp\social_media_app\controller\FriendsController.class
org\socialmediaapp\social_media_app\domain\User.class
org\socialmediaapp\social_media_app\Launcher.class
org\socialmediaapp\social_media_app\service\PostService.class
org\socialmediaapp\social_media_app\domain\UserDTO.class
org\socialmediaapp\social_media_app\controller\NotificationsController.class
org\socialmediaapp\social_media_app\controller\SearchController.class
org\socialmediaapp\social_media_app\domain\Post.class
org\socialmediaapp\social_media_app\domain\Profile.class
org\socialmediaapp\social_media_app\controller\ProfileController.class
org\socialmediaapp\social_media_app\domain\Comment.class
org\socialmediaapp\social_media_app\service\UserService.class
org\socialmediaapp\social_media_app\controller\MainController.class
org\socialmediaapp\social_media_app\controller\EditProfileController.class
org\socialmediaapp\social_media_app\controller\RegisterController.class
org\socialmediaapp\social_media_app\dao\PostDao.class
org\socialmediaapp\social_media_app\service\FriendService.class
org\socialmediaapp\social_media_app\dao\FriendDao.class
org\socialmediaapp\social_media_app\domain\Like.class
