C:\Users\sayed\IdeaProjects\Social-Media-App-assignment\src\main\java\org\socialmediaapp\social_media_app\controller\EditProfileController.java
C:\Users\sayed\IdeaProjects\Social-Media-App-assignment\src\main\java\org\socialmediaapp\social_media_app\controller\FriendsController.java
C:\Users\sayed\IdeaProjects\Social-Media-App-assignment\src\main\java\org\socialmediaapp\social_media_app\controller\LoginController.java
C:\Users\sayed\IdeaProjects\Social-Media-App-assignment\src\main\java\org\socialmediaapp\social_media_app\controller\MainController.java
C:\Users\sayed\IdeaProjects\Social-Media-App-assignment\src\main\java\org\socialmediaapp\social_media_app\controller\NewsFeedController.java
C:\Users\sayed\IdeaProjects\Social-Media-App-assignment\src\main\java\org\socialmediaapp\social_media_app\controller\NotificationsController.java
C:\Users\sayed\IdeaProjects\Social-Media-App-assignment\src\main\java\org\socialmediaapp\social_media_app\controller\PostCardController.java
C:\Users\sayed\IdeaProjects\Social-Media-App-assignment\src\main\java\org\socialmediaapp\social_media_app\controller\ProfileController.java
C:\Users\sayed\IdeaProjects\Social-Media-App-assignment\src\main\java\org\socialmediaapp\social_media_app\controller\RegisterController.java
C:\Users\sayed\IdeaProjects\Social-Media-App-assignment\src\main\java\org\socialmediaapp\social_media_app\controller\SearchController.java
C:\Users\sayed\IdeaProjects\Social-Media-App-assignment\src\main\java\org\socialmediaapp\social_media_app\dao\FriendDao.java
C:\Users\sayed\IdeaProjects\Social-Media-App-assignment\src\main\java\org\socialmediaapp\social_media_app\dao\NotificationDao.java
C:\Users\sayed\IdeaProjects\Social-Media-App-assignment\src\main\java\org\socialmediaapp\social_media_app\dao\PostDao.java
C:\Users\sayed\IdeaProjects\Social-Media-App-assignment\src\main\java\org\socialmediaapp\social_media_app\dao\UserDao.java
C:\Users\sayed\IdeaProjects\Social-Media-App-assignment\src\main\java\org\socialmediaapp\social_media_app\database\DatabaseConnection.java
C:\Users\sayed\IdeaProjects\Social-Media-App-assignment\src\main\java\org\socialmediaapp\social_media_app\domain\Comment.java
C:\Users\sayed\IdeaProjects\Social-Media-App-assignment\src\main\java\org\socialmediaapp\social_media_app\domain\FriendRequest.java
C:\Users\sayed\IdeaProjects\Social-Media-App-assignment\src\main\java\org\socialmediaapp\social_media_app\domain\Like.java
C:\Users\sayed\IdeaProjects\Social-Media-App-assignment\src\main\java\org\socialmediaapp\social_media_app\domain\Notification.java
C:\Users\sayed\IdeaProjects\Social-Media-App-assignment\src\main\java\org\socialmediaapp\social_media_app\domain\Post.java
C:\Users\sayed\IdeaProjects\Social-Media-App-assignment\src\main\java\org\socialmediaapp\social_media_app\domain\Profile.java
C:\Users\sayed\IdeaProjects\Social-Media-App-assignment\src\main\java\org\socialmediaapp\social_media_app\domain\User.java
C:\Users\sayed\IdeaProjects\Social-Media-App-assignment\src\main\java\org\socialmediaapp\social_media_app\domain\UserDTO.java
C:\Users\sayed\IdeaProjects\Social-Media-App-assignment\src\main\java\org\socialmediaapp\social_media_app\HelloApplication.java
C:\Users\sayed\IdeaProjects\Social-Media-App-assignment\src\main\java\org\socialmediaapp\social_media_app\Launcher.java
C:\Users\sayed\IdeaProjects\Social-Media-App-assignment\src\main\java\org\socialmediaapp\social_media_app\service\FriendService.java
C:\Users\sayed\IdeaProjects\Social-Media-App-assignment\src\main\java\org\socialmediaapp\social_media_app\service\NotificationService.java
C:\Users\sayed\IdeaProjects\Social-Media-App-assignment\src\main\java\org\socialmediaapp\social_media_app\service\PostService.java
C:\Users\sayed\IdeaProjects\Social-Media-App-assignment\src\main\java\org\socialmediaapp\social_media_app\service\UserService.java
C:\Users\sayed\IdeaProjects\Social-Media-App-assignment\src\main\java\org\socialmediaapp\social_media_app\util\SceneManager.java
C:\Users\sayed\IdeaProjects\Social-Media-App-assignment\src\main\java\org\socialmediaapp\social_media_app\util\SessionManager.java
